// Jest Snapshot v1, https://goo.gl/fbAQLP

exports[`ListItem should render as expected (current: thumbnail, name, description) 1`] = `
<li>
  <a
    aria-label="list-item-link"
    class="flex flex-col w-48 h-72 rounded-xl overflow-hidden bg-black hover:bg-red-700 transition"
    href="/character/1234"
  >
    <div
      class="w-48 h-48"
    >
      <img
        alt="Iron Man"
        class="w-full h-full object-cover"
        data-nimg="1"
        decoding="async"
        height="192"
        loading="lazy"
        src="/_next/image?url=https%3A%2F%2Firon.man%2Fcaptain_america.jpg&w=384&q=75"
        srcset="/_next/image?url=https%3A%2F%2Firon.man%2Fcaptain_america.jpg&w=256&q=75 1x, /_next/image?url=https%3A%2F%2Firon.man%2Fcaptain_america.jpg&w=384&q=75 2x"
        style="color: transparent;"
        width="192"
      />
    </div>
    <div
      class="flex flex-col justify-center items-center w-full h-36"
    >
      <span
        class="text-white"
      >
        Iron Man
      </span>
      <span
        class="text-white"
      >
        I am Iron Man, not Captain America.
      </span>
    </div>
  </a>
</li>
`;
